
  error - The method 'collection' isn't defined for the type 'MockDB' - lib\pages\booking\doctor_Appointment.dart:21:8 
- undefined_method
  error - The method 'collection' isn't defined for the type 'MockDB' - 
lib\pages\booking\doctor_Appointment.dart:129:20 - undefined_method
  error - The method 'collection' isn't defined for the type 'MockDB' - 
lib\pages\doctor\doctor_manage_services.dart:42:12 - undefined_method
  error - The method 'collection' isn't defined for the type 'MockDB' - 
lib\pages\doctor\doctor_manage_services.dart:88:22 - undefined_method
  error - The method 'collection' isn't defined for the type 'MockDB' - 
lib\pages\doctor\doctor_profile_page.dart:30:14 - undefined_method
  error - The method 'collection' isn't defined for the type 'MockDB' - 
lib\pages\doctor\doctor_selection_page.dart:23:26 - undefined_method
  error - The method 'collection' isn't defined for the type 'MockDB' - lib\pages\home\home_page.dart:34:22 - 
undefined_method
  error - The method 'collection' isn't defined for the type 'MockDB' - lib\pages\home\home_page.dart:212:20 - 
undefined_method
  error - The method 'collection' isn't defined for the type 'MockDB' - lib\pages\home\home_page_for_doctor.dart:26:22 
- undefined_method
  error - The method 'collection' isn't defined for the type 'MockDB' - 
lib\pages\patiant\patient_MY_Appointment.dart:38:14 - undefined_method
  error - The method 'collection' isn't defined for the type 'MockDB' - 
lib\pages\patiant\patient_MY_Appointment.dart:45:10 - undefined_method
  error - The method 'collection' isn't defined for the type 'MockDB' - 
lib\pages\patiant\patient_MY_Appointment.dart:111:22 - undefined_method
  error - The method 'collection' isn't defined for the type 'MockDB' - lib\pages\patiant\patientprofile.dart:32:14 - 
undefined_method
  error - The method 'collection' isn't defined for the type 'MockDB' - lib\pages\patiant\patientprofile.dart:45:16 - 
undefined_method
  error - The method 'collection' isn't defined for the type 'MockDB' - lib\pages\services\Crown_Page.dart:239:12 - 
undefined_method
  error - The method 'collection' isn't defined for the type 'MockDB' - lib\pages\services\Crown_Page.dart:557:24 - 
undefined_method
  error - The method 'collection' isn't defined for the type 'MockDB' - lib\pages\services\Filling_page.dart:234:12 - 
undefined_method
  error - The method 'collection' isn't defined for the type 'MockDB' - lib\pages\services\Filling_page.dart:552:24 - 
undefined_method
  error - The method 'collection' isn't defined for the type 'MockDB' - lib\pages\services\Implant_Page.dart:226:12 - 
undefined_method
  error - The method 'collection' isn't defined for the type 'MockDB' - lib\pages\services\Implant_Page.dart:544:24 - 
undefined_method
  error - The method 'collection' isn't defined for the type 'MockDB' - 
lib\pages\services\Orthodontics_Page.dart:234:12 - undefined_method
  error - The method 'collection' isn't defined for the type 'MockDB' - 
lib\pages\services\Orthodontics_Page.dart:552:24 - undefined_method
  error - The method 'collection' isn't defined for the type 'MockDB' - lib\pages\services\Whitening_Page.dart:234:12 
- undefined_method
  error - The method 'collection' isn't defined for the type 'MockDB' - lib\pages\services\Whitening_Page.dart:552:24 
- undefined_method
  error - The method 'collection' isn't defined for the type 'MockDB' - 
lib\pages\services\check_up_cleaning.dart:122:12 - undefined_method
  error - The method 'collection' isn't defined for the type 'MockDB' - 
lib\pages\services\check_up_cleaning.dart:292:12 - undefined_method
  error - The method 'collection' isn't defined for the type 'MockDB' - 
lib\pages\services\check_up_cleaning.dart:628:24 - undefined_method


